2026-05-01 14:15:09,480 [INFO] Start polling
2026-05-01 14:15:09,530 [INFO] Run polling for bot @mt_test_assistant_bot id=6418071112 - 'MT Assistant TEST'
2026-05-01 14:30:51,310 [WARNING] Received SIGTERM signal
2026-05-01 14:30:51,312 [INFO] Polling stopped for bot @mt_test_assistant_bot id=6418071112 - 'MT Assistant TEST'
2026-05-01 14:30:51,313 [INFO] Polling stopped
2026-05-01 16:44:14,537 [INFO] Start polling
2026-05-01 16:44:14,591 [INFO] Run polling for bot @mt_test_assistant_bot id=6418071112 - 'MT Assistant TEST'
2026-05-01 16:44:29,210 [INFO] Update id=589919849 is handled. Duration 296 ms by bot id=6418071112
2026-05-01 16:44:30,722 [INFO] Update id=589919850 is handled. Duration 96 ms by bot id=6418071112
2026-05-01 16:44:36,377 [INFO] Update id=589919851 is handled. Duration 90 ms by bot id=6418071112
2026-05-01 16:44:38,120 [INFO] Update id=589919852 is handled. Duration 93 ms by bot id=6418071112
2026-05-01 16:44:44,036 [INFO] Update id=589919853 is handled. Duration 144 ms by bot id=6418071112
2026-05-01 16:44:45,178 [INFO] Update id=589919854 is handled. Duration 137 ms by bot id=6418071112
2026-05-01 16:44:46,942 [INFO] Update id=589919855 is handled. Duration 96 ms by bot id=6418071112
2026-05-01 16:44:50,006 [INFO] Update id=589919856 is handled. Duration 102 ms by bot id=6418071112
2026-05-01 16:44:50,775 [INFO] Update id=589919857 is handled. Duration 87 ms by bot id=6418071112
2026-05-01 16:44:52,604 [INFO] Update id=589919858 is handled. Duration 92 ms by bot id=6418071112
2026-05-01 16:44:53,772 [INFO] Update id=589919859 is handled. Duration 109 ms by bot id=6418071112
2026-05-01 16:45:02,811 [INFO] Update id=589919860 is handled. Duration 126 ms by bot id=6418071112
2026-05-01 16:45:03,989 [INFO] Update id=589919861 is handled. Duration 172 ms by bot id=6418071112
2026-05-01 16:45:07,465 [INFO] Update id=589919862 is handled. Duration 139 ms by bot id=6418071112
2026-05-01 16:45:14,417 [INFO] Update id=589919863 is handled. Duration 104 ms by bot id=6418071112
2026-05-01 16:45:28,875 [INFO] Update id=589919864 is handled. Duration 78 ms by bot id=6418071112
2026-05-01 16:45:33,393 [INFO] Update id=589919865 is handled. Duration 92 ms by bot id=6418071112
2026-05-01 16:45:35,750 [INFO] Update id=589919866 is handled. Duration 234 ms by bot id=6418071112
2026-05-01 16:45:36,608 [INFO] Update id=589919867 is handled. Duration 210 ms by bot id=6418071112
2026-05-01 16:45:38,509 [ERROR] spam_all_groups: send failed (-4150622369): Telegram server says - Bad Request: chat not found
2026-05-01 16:45:38,721 [INFO] Update id=589919868 is handled. Duration 291 ms by bot id=6418071112
2026-05-01 16:46:43,858 [INFO] Update id=589919869 is handled. Duration 6 ms by bot id=6418071112
2026-05-01 16:47:26,133 [INFO] Update id=589919871 is handled. Duration 18 ms by bot id=6418071112
2026-05-01 16:47:26,136 [INFO] Update id=589919870 is handled. Duration 22 ms by bot id=6418071112
2026-05-01 17:44:48,015 [ERROR] Failed to fetch updates - TelegramNetworkError: HTTP Client says - Request timeout error
2026-05-01 17:44:48,017 [WARNING] Sleep for 1.000000 seconds and try again... (tryings = 0, bot id = 6418071112)
2026-05-01 17:46:18,908 [ERROR] Failed to fetch updates - TelegramNetworkError: HTTP Client says - ServerDisconnectedError: Server disconnected
2026-05-01 17:46:18,910 [WARNING] Sleep for 1.532235 seconds and try again... (tryings = 1, bot id = 6418071112)
2026-05-01 18:22:01,811 [ERROR] Failed to fetch updates - TelegramNetworkError: HTTP Client says - ServerDisconnectedError: Server disconnected
2026-05-01 18:22:01,812 [WARNING] Sleep for 1.890668 seconds and try again... (tryings = 2, bot id = 6418071112)
2026-05-01 18:29:12,341 [ERROR] Failed to fetch updates - TelegramNetworkError: HTTP Client says - Request timeout error
2026-05-01 18:29:12,344 [WARNING] Sleep for 2.570873 seconds and try again... (tryings = 3, bot id = 6418071112)
2026-05-01 18:29:25,101 [INFO] Connection established (tryings = 4, bot id = 6418071112)
2026-05-01 18:30:56,171 [WARNING] Received SIGTERM signal
2026-05-01 18:30:56,171 [INFO] Polling stopped for bot @mt_test_assistant_bot id=6418071112 - 'MT Assistant TEST'
2026-05-01 18:30:56,172 [INFO] Polling stopped
2026-05-01 18:31:01,723 [INFO] Start polling
2026-05-01 18:31:01,780 [INFO] Run polling for bot @mt_test_assistant_bot id=6418071112 - 'MT Assistant TEST'
2026-05-01 18:31:41,537 [WARNING] Received SIGTERM signal
2026-05-01 18:31:41,537 [INFO] Polling stopped for bot @mt_test_assistant_bot id=6418071112 - 'MT Assistant TEST'
2026-05-01 18:31:41,538 [INFO] Polling stopped
2026-05-01 18:31:46,263 [INFO] Start polling
2026-05-01 18:31:46,321 [INFO] Run polling for bot @mt_shop_messaging_bot id=6976304242 - 'Володимир Зеленський'
2026-05-01 18:33:42,946 [INFO] Update id=195071067 is handled. Duration 290 ms by bot id=6976304242
2026-05-01 18:33:53,407 [INFO] Update id=195071068 is handled. Duration 106 ms by bot id=6976304242
2026-05-01 18:33:59,985 [ERROR] Error in add_chat: (pymysql.err.IntegrityError) (1062, "Duplicate entry '-1003931597015' for key 'chats.PRIMARY'")
[SQL: INSERT INTO chats (group_id, title, creo, shop_google, shop_fb, console, apps, affiliate_mp, partner_mp, media_mt, agency_google, agency_fb, media_mp, partner_mt, time, link) VALUES (%s, %s, %s, %s, %s, %s, %s, %s, %s, %s, %s, %s, %s, %s, %s, %s)]
[parameters: ('-1003931597015', 'ewtwe', 0, 0, 0, 0, 0, 0, 0, 0, 0, 0, 0, 0, datetime.datetime(2026, 5, 1, 18, 33, 59, 980043), None)]
(Background on this error at: https://sqlalche.me/e/20/gkpj)
2026-05-01 18:34:00,128 [INFO] Update id=195071069 is handled. Duration 155 ms by bot id=6976304242
2026-05-01 18:34:07,823 [WARNING] update_chat: invalid argument — list index out of range
2026-05-01 18:34:07,918 [INFO] Update id=195071070 is handled. Duration 100 ms by bot id=6976304242
2026-05-01 18:34:17,850 [INFO] Update id=195071071 is handled. Duration 163 ms by bot id=6976304242
2026-05-01 18:35:44,693 [INFO] Update id=195071072 is handled. Duration 201 ms by bot id=6976304242
2026-05-01 18:35:47,133 [INFO] Update id=195071073 is handled. Duration 84 ms by bot id=6976304242
2026-05-01 18:35:51,860 [INFO] Update id=195071074 is handled. Duration 105 ms by bot id=6976304242
2026-05-01 18:36:28,371 [ERROR] check_bot_membership: unexpected error (-1001522566985): Telegram server says - Bad Request: chat not found
2026-05-01 18:36:28,587 [ERROR] check_bot_membership: unexpected error (-1001616971911): Telegram server says - Bad Request: chat not found
2026-05-01 18:36:28,739 [ERROR] check_bot_membership: unexpected error (-1001776123020): Telegram server says - Bad Request: chat not found
2026-05-01 18:36:28,895 [ERROR] check_bot_membership: unexpected error (-1001779589572): Telegram server says - Bad Request: chat not found
2026-05-01 18:36:29,043 [ERROR] check_bot_membership: unexpected error (-1001819358568): Telegram server says - Bad Request: chat not found
2026-05-01 18:36:29,214 [ERROR] check_bot_membership: unexpected error (-1001827867837): Telegram server says - Bad Request: chat not found
2026-05-01 18:36:29,384 [ERROR] check_bot_membership: unexpected error (-1001853145788): Telegram server says - Bad Request: chat not found
2026-05-01 18:36:29,520 [ERROR] check_bot_membership: unexpected error (-1001866934431): Telegram server says - Bad Request: chat not found
2026-05-01 18:36:29,668 [ERROR] check_bot_membership: unexpected error (-1001871363656): Telegram server says - Bad Request: chat not found
2026-05-01 18:36:29,819 [ERROR] check_bot_membership: unexpected error (-1001888229263): Telegram server says - Bad Request: chat not found
2026-05-01 18:36:29,978 [ERROR] check_bot_membership: unexpected error (-1001904374244): Telegram server says - Bad Request: chat not found
2026-05-01 18:36:30,153 [ERROR] check_bot_membership: unexpected error (-1001941670057): Telegram server says - Bad Request: chat not found
2026-05-01 18:36:30,310 [ERROR] check_bot_membership: unexpected error (-1001946957587): Telegram server says - Bad Request: chat not found
2026-05-01 18:36:30,472 [ERROR] check_bot_membership: unexpected error (-1001957774934): Telegram server says - Bad Request: chat not found
2026-05-01 18:36:30,625 [ERROR] check_bot_membership: unexpected error (-1001965655474): Telegram server says - Bad Request: chat not found
2026-05-01 18:36:30,808 [ERROR] check_bot_membership: unexpected error (-1001994958214): Telegram server says - Bad Request: chat not found
2026-05-01 18:36:30,955 [ERROR] check_bot_membership: unexpected error (-1001999407518): Telegram server says - Bad Request: chat not found
2026-05-01 18:36:31,099 [ERROR] check_bot_membership: unexpected error (-1002010056464): Telegram server says - Bad Request: chat not found
2026-05-01 18:36:31,253 [ERROR] check_bot_membership: unexpected error (-1002018180002): Telegram server says - Bad Request: chat not found
2026-05-01 18:36:31,433 [ERROR] check_bot_membership: unexpected error (-1002018471549): Telegram server says - Bad Request: chat not found
2026-05-01 18:36:31,572 [ERROR] check_bot_membership: unexpected error (-1002019317331): Telegram server says - Bad Request: chat not found
2026-05-01 18:36:31,720 [ERROR] check_bot_membership: unexpected error (-1002019825257): Telegram server says - Bad Request: chat not found
2026-05-01 18:36:31,877 [ERROR] check_bot_membership: unexpected error (-1002023122108): Telegram server says - Bad Request: chat not found
2026-05-01 18:36:32,034 [ERROR] check_bot_membership: unexpected error (-1002024787425): Telegram server says - Bad Request: chat not found
2026-05-01 18:36:32,199 [ERROR] check_bot_membership: unexpected error (-1002027726020): Telegram server says - Bad Request: chat not found
2026-05-01 18:36:32,350 [ERROR] check_bot_membership: unexpected error (-1002029457761): Telegram server says - Bad Request: chat not found
2026-05-01 18:36:32,485 [ERROR] check_bot_membership: unexpected error (-1002031474560): Telegram server says - Bad Request: chat not found
2026-05-01 18:36:32,623 [ERROR] check_bot_membership: unexpected error (-1002036747591): Telegram server says - Bad Request: chat not found
2026-05-01 18:36:32,801 [ERROR] check_bot_membership: unexpected error (-1002040129845): Telegram server says - Bad Request: chat not found
2026-05-01 18:36:32,943 [ERROR] check_bot_membership: unexpected error (-1002040618655): Telegram server says - Bad Request: chat not found
2026-05-01 18:36:33,111 [ERROR] check_bot_membership: unexpected error (-1002046262751): Telegram server says - Bad Request: chat not found
2026-05-01 18:36:33,292 [ERROR] check_bot_membership: unexpected error (-1002050335693): Telegram server says - Bad Request: chat not found
2026-05-01 18:36:36,476 [ERROR] check_bot_membership: unexpected error (-1002055212261): Telegram server says - Bad Request: chat not found
2026-05-01 18:36:36,616 [ERROR] check_bot_membership: unexpected error (-1002061806351): Telegram server says - Bad Request: chat not found
2026-05-01 18:36:36,753 [ERROR] check_bot_membership: unexpected error (-1002062586766): Telegram server says - Bad Request: chat not found
2026-05-01 18:36:36,924 [ERROR] check_bot_membership: unexpected error (-1002067566720): Telegram server says - Bad Request: chat not found
2026-05-01 18:36:37,110 [ERROR] check_bot_membership: unexpected error (-1002067891926): Telegram server says - Bad Request: chat not found
2026-05-01 18:36:37,254 [ERROR] check_bot_membership: unexpected error (-1002071945865): Telegram server says - Bad Request: chat not found
2026-05-01 18:36:37,406 [ERROR] check_bot_membership: unexpected error (-1002084319000): Telegram server says - Bad Request: chat not found
2026-05-01 18:36:37,562 [ERROR] check_bot_membership: unexpected error (-1002087048058): Telegram server says - Bad Request: chat not found
2026-05-01 18:36:37,710 [ERROR] check_bot_membership: unexpected error (-1002089085884): Telegram server says - Bad Request: chat not found
2026-05-01 18:36:37,861 [ERROR] check_bot_membership: unexpected error (-1002093561980): Telegram server says - Bad Request: chat not found
2026-05-01 18:36:38,023 [ERROR] check_bot_membership: unexpected error (-1002096806619): Telegram server says - Bad Request: chat not found
2026-05-01 18:36:38,185 [ERROR] check_bot_membership: unexpected error (-1002098632093): Telegram server says - Bad Request: chat not found
2026-05-01 18:36:38,359 [ERROR] check_bot_membership: unexpected error (-1002109611669): Telegram server says - Bad Request: chat not found
2026-05-01 18:36:38,543 [ERROR] check_bot_membership: unexpected error (-1002113079365): Telegram server says - Bad Request: chat not found
2026-05-01 18:36:38,707 [ERROR] check_bot_membership: unexpected error (-1002118022138): Telegram server says - Bad Request: chat not found
2026-05-01 18:36:38,868 [ERROR] check_bot_membership: unexpected error (-1002122777335): Telegram server says - Bad Request: chat not found
2026-05-01 18:36:39,058 [ERROR] check_bot_membership: unexpected error (-1002130795438): Telegram server says - Bad Request: chat not found
2026-05-01 18:36:39,211 [ERROR] check_bot_membership: unexpected error (-1002132410818): Telegram server says - Bad Request: chat not found
2026-05-01 18:36:39,465 [ERROR] check_bot_membership: unexpected error (-1002135215489): Telegram server says - Bad Request: chat not found
2026-05-01 18:36:39,626 [ERROR] check_bot_membership: unexpected error (-1002138034963): Telegram server says - Bad Request: chat not found
2026-05-01 18:36:39,775 [ERROR] check_bot_membership: unexpected error (-1002140691089): Telegram server says - Bad Request: chat not found
2026-05-01 18:36:39,934 [ERROR] check_bot_membership: unexpected error (-1002145935398): Telegram server says - Bad Request: chat not found
2026-05-01 18:36:40,114 [ERROR] check_bot_membership: unexpected error (-1002152601972): Telegram server says - Bad Request: chat not found
2026-05-01 18:36:40,281 [ERROR] check_bot_membership: unexpected error (-1002180555886): Telegram server says - Bad Request: chat not found
2026-05-01 18:36:40,431 [ERROR] check_bot_membership: unexpected error (-1002184619195): Telegram server says - Bad Request: chat not found
2026-05-01 18:36:40,592 [ERROR] check_bot_membership: unexpected error (-1002230952948): Telegram server says - Bad Request: chat not found
2026-05-01 18:36:40,754 [ERROR] check_bot_membership: unexpected error (-1002251135326): Telegram server says - Bad Request: chat not found
2026-05-01 18:36:40,925 [ERROR] check_bot_membership: unexpected error (-1002252112786): Telegram server says - Bad Request: chat not found
2026-05-01 18:36:41,099 [ERROR] check_bot_membership: unexpected error (-1002267469834): Telegram server says - Bad Request: chat not found
2026-05-01 18:36:41,263 [ERROR] check_bot_membership: unexpected error (-1002269782344): Telegram server says - Bad Request: chat not found
2026-05-01 18:36:44,416 [ERROR] check_bot_membership: unexpected error (-1002289792092): Telegram server says - Bad Request: chat not found
2026-05-01 18:36:44,567 [ERROR] check_bot_membership: unexpected error (-1002297437239): Telegram server says - Bad Request: chat not found
2026-05-01 18:36:44,777 [ERROR] check_bot_membership: unexpected error (-1002350548496): Telegram server says - Bad Request: chat not found
2026-05-01 18:36:44,929 [ERROR] check_bot_membership: unexpected error (-1002370082065): Telegram server says - Bad Request: chat not found
2026-05-01 18:36:45,103 [ERROR] check_bot_membership: unexpected error (-1002401889807): Telegram server says - Bad Request: chat not found
2026-05-01 18:36:45,263 [ERROR] check_bot_membership: unexpected error (-1002416890932): Telegram server says - Bad Request: chat not found
2026-05-01 18:36:45,422 [ERROR] check_bot_membership: unexpected error (-1002431721248): Telegram server says - Bad Request: chat not found
2026-05-01 18:36:45,577 [ERROR] check_bot_membership: unexpected error (-1002433161385): Telegram server says - Bad Request: chat not found
2026-05-01 18:36:45,729 [ERROR] check_bot_membership: unexpected error (-1002433203206): Telegram server says - Bad Request: chat not found
2026-05-01 18:36:45,888 [ERROR] check_bot_membership: unexpected error (-1002434182198): Telegram server says - Bad Request: chat not found
2026-05-01 18:36:45,948 [INFO] Update id=195071075 is not handled. Duration 17872 ms by bot id=6976304242
2026-05-01 18:36:45,949 [ERROR] Cause exception while process update id=195071075 by bot id=6976304242
TelegramBadRequest: Telegram server says - Bad Request: can't parse entities: Unsupported start tag "-" at byte offset 24
Traceback (most recent call last):
  File "/usr/local/lib/python3.11/site-packages/aiogram/dispatcher/dispatcher.py", line 309, in _process_update
    response = await self.feed_update(bot, update, **kwargs)
               ^^^^^^^^^^^^^^^^^^^^^^^^^^^^^^^^^^^^^^^^^^^^^
  File "/usr/local/lib/python3.11/site-packages/aiogram/dispatcher/dispatcher.py", line 158, in feed_update
    response = await self.update.wrap_outer_middleware(
               ^^^^^^^^^^^^^^^^^^^^^^^^^^^^^^^^^^^^^^^^
  File "/usr/local/lib/python3.11/site-packages/aiogram/dispatcher/middlewares/error.py", line 25, in __call__
    return await handler(event, data)
           ^^^^^^^^^^^^^^^^^^^^^^^^^^
  File "/usr/local/lib/python3.11/site-packages/aiogram/dispatcher/middlewares/user_context.py", line 27, in __call__
    return await handler(event, data)
           ^^^^^^^^^^^^^^^^^^^^^^^^^^
  File "/usr/local/lib/python3.11/site-packages/aiogram/fsm/middleware.py", line 41, in __call__
    return await handler(event, data)
           ^^^^^^^^^^^^^^^^^^^^^^^^^^
  File "/usr/local/lib/python3.11/site-packages/aiogram/dispatcher/event/telegram.py", line 121, in trigger
    return await wrapped_inner(event, kwargs)
           ^^^^^^^^^^^^^^^^^^^^^^^^^^^^^^^^^^
  File "/usr/local/lib/python3.11/site-packages/aiogram/dispatcher/event/handler.py", line 43, in call
    return await wrapped()
           ^^^^^^^^^^^^^^^
  File "/usr/local/lib/python3.11/site-packages/aiogram/dispatcher/dispatcher.py", line 276, in _listen_update
    return await self.propagate_event(update_type=update_type, event=event, **kwargs)
           ^^^^^^^^^^^^^^^^^^^^^^^^^^^^^^^^^^^^^^^^^^^^^^^^^^^^^^^^^^^^^^^^^^^^^^^^^^
  File "/usr/local/lib/python3.11/site-packages/aiogram/dispatcher/router.py", line 128, in propagate_event
    return await observer.wrap_outer_middleware(_wrapped, event=event, data=kwargs)
           ^^^^^^^^^^^^^^^^^^^^^^^^^^^^^^^^^^^^^^^^^^^^^^^^^^^^^^^^^^^^^^^^^^^^^^^^
  File "/usr/local/lib/python3.11/site-packages/aiogram/dispatcher/router.py", line 123, in _wrapped
    return await self._propagate_event(
           ^^^^^^^^^^^^^^^^^^^^^^^^^^^^
  File "/usr/local/lib/python3.11/site-packages/aiogram/dispatcher/router.py", line 156, in _propagate_event
    response = await router.propagate_event(update_type=update_type, event=event, **kwargs)
               ^^^^^^^^^^^^^^^^^^^^^^^^^^^^^^^^^^^^^^^^^^^^^^^^^^^^^^^^^^^^^^^^^^^^^^^^^^^^
  File "/usr/local/lib/python3.11/site-packages/aiogram/dispatcher/router.py", line 128, in propagate_event
    return await observer.wrap_outer_middleware(_wrapped, event=event, data=kwargs)
           ^^^^^^^^^^^^^^^^^^^^^^^^^^^^^^^^^^^^^^^^^^^^^^^^^^^^^^^^^^^^^^^^^^^^^^^^
  File "/usr/local/lib/python3.11/site-packages/aiogram/dispatcher/router.py", line 123, in _wrapped
    return await self._propagate_event(
           ^^^^^^^^^^^^^^^^^^^^^^^^^^^^
  File "/usr/local/lib/python3.11/site-packages/aiogram/dispatcher/router.py", line 156, in _propagate_event
    response = await router.propagate_event(update_type=update_type, event=event, **kwargs)
               ^^^^^^^^^^^^^^^^^^^^^^^^^^^^^^^^^^^^^^^^^^^^^^^^^^^^^^^^^^^^^^^^^^^^^^^^^^^^
  File "/usr/local/lib/python3.11/site-packages/aiogram/dispatcher/router.py", line 128, in propagate_event
    return await observer.wrap_outer_middleware(_wrapped, event=event, data=kwargs)
           ^^^^^^^^^^^^^^^^^^^^^^^^^^^^^^^^^^^^^^^^^^^^^^^^^^^^^^^^^^^^^^^^^^^^^^^^
  File "/usr/local/lib/python3.11/site-packages/aiogram/dispatcher/router.py", line 123, in _wrapped
    return await self._propagate_event(
           ^^^^^^^^^^^^^^^^^^^^^^^^^^^^
  File "/usr/local/lib/python3.11/site-packages/aiogram/dispatcher/router.py", line 148, in _propagate_event
    response = await observer.trigger(event, **kwargs)
               ^^^^^^^^^^^^^^^^^^^^^^^^^^^^^^^^^^^^^^^
  File "/usr/local/lib/python3.11/site-packages/aiogram/dispatcher/event/telegram.py", line 121, in trigger
    return await wrapped_inner(event, kwargs)
           ^^^^^^^^^^^^^^^^^^^^^^^^^^^^^^^^^^
  File "/app/domain/middlewares/IsPrivateChatAdmin.py", line 26, in __call__
    return await handler(event, data)
           ^^^^^^^^^^^^^^^^^^^^^^^^^^
  File "/usr/local/lib/python3.11/site-packages/aiogram/dispatcher/event/handler.py", line 43, in call
    return await wrapped()
           ^^^^^^^^^^^^^^^
  File "/app/domain/routers/admin/chat/menu/statistic_.py", line 39, in bug_report
    await check_bot_membership(bot, message.from_user.id)
  File "/app/domain/tools/BotCheckChat.py", line 53, in check_bot_membership
    await bot.send_message(chat_id=chat_id, text=results)
  File "/usr/local/lib/python3.11/site-packages/aiogram/client/bot.py", line 2823, in send_message
    return await self(call, request_timeout=request_timeout)
           ^^^^^^^^^^^^^^^^^^^^^^^^^^^^^^^^^^^^^^^^^^^^^^^^^
  File "/usr/local/lib/python3.11/site-packages/aiogram/client/bot.py", line 492, in __call__
    return await self.session(self, method, timeout=request_timeout)
           ^^^^^^^^^^^^^^^^^^^^^^^^^^^^^^^^^^^^^^^^^^^^^^^^^^^^^^^^^
  File "/usr/local/lib/python3.11/site-packages/aiogram/client/session/base.py", line 254, in __call__
    return cast(TelegramType, await middleware(bot, method))
                              ^^^^^^^^^^^^^^^^^^^^^^^^^^^^^
  File "/usr/local/lib/python3.11/site-packages/aiogram/client/session/aiohttp.py", line 178, in make_request
    response = self.check_response(
               ^^^^^^^^^^^^^^^^^^^^
  File "/usr/local/lib/python3.11/site-packages/aiogram/client/session/base.py", line 120, in check_response
    raise TelegramBadRequest(method=method, message=description)
aiogram.exceptions.TelegramBadRequest: Telegram server says - Bad Request: can't parse entities: Unsupported start tag "-" at byte offset 24
2026-05-01 18:38:50,433 [INFO] Update id=195071076 is handled. Duration 208 ms by bot id=6976304242
2026-05-01 18:38:57,149 [INFO] Update id=195071077 is handled. Duration 85 ms by bot id=6976304242
2026-05-01 18:39:01,299 [INFO] Update id=195071078 is handled. Duration 101 ms by bot id=6976304242
2026-05-01 18:39:03,515 [INFO] Update id=195071079 is handled. Duration 118 ms by bot id=6976304242
2026-05-01 18:39:05,122 [INFO] Update id=195071080 is handled. Duration 197 ms by bot id=6976304242
2026-05-01 18:39:06,579 [ERROR] spam_all_groups: send failed (-4003617967): Telegram server says - Bad Request: chat not found
2026-05-01 18:39:06,651 [ERROR] spam_all_groups: send failed (-4007177264): Telegram server says - Bad Request: chat not found
2026-05-01 18:39:06,744 [ERROR] spam_all_groups: send failed (-4009005839): Telegram server says - Bad Request: chat not found
2026-05-01 18:39:06,811 [ERROR] spam_all_groups: send failed (-4031563665): Telegram server says - Bad Request: chat not found
2026-05-01 18:39:06,871 [ERROR] spam_all_groups: send failed (-4041758682): Telegram server says - Bad Request: chat not found
2026-05-01 18:39:06,933 [ERROR] spam_all_groups: send failed (-4051567539): Telegram server says - Bad Request: chat not found
2026-05-01 18:39:06,994 [ERROR] spam_all_groups: send failed (-4051601918): Telegram server says - Bad Request: chat not found
2026-05-01 18:39:07,059 [ERROR] spam_all_groups: send failed (-4055513978): Telegram server says - Bad Request: chat not found
2026-05-01 18:39:07,127 [ERROR] spam_all_groups: send failed (-4058714903): Telegram server says - Bad Request: chat not found
2026-05-01 18:39:07,196 [ERROR] spam_all_groups: send failed (-4059888811): Telegram server says - Bad Request: chat not found
2026-05-01 18:39:07,260 [ERROR] spam_all_groups: send failed (-4074153398): Telegram server says - Bad Request: chat not found
2026-05-01 18:39:07,359 [ERROR] spam_all_groups: send failed (-4079738581): Telegram server says - Bad Request: chat not found
2026-05-01 18:39:07,430 [ERROR] spam_all_groups: send failed (-4086467700): Telegram server says - Bad Request: chat not found
2026-05-01 18:39:07,495 [ERROR] spam_all_groups: send failed (-4087447387): Telegram server says - Bad Request: chat not found
2026-05-01 18:39:07,560 [ERROR] spam_all_groups: send failed (-4087866346): Telegram server says - Bad Request: chat not found
2026-05-01 18:39:07,639 [INFO] Update id=195071081 is handled. Duration 1269 ms by bot id=6976304242
2026-05-01 18:39:51,911 [ERROR] push_new_user_added: failed to notify admin 163287980: Telegram server says - Bad Request: chat not found
2026-05-01 18:39:51,996 [ERROR] push_new_user_added: failed to notify admin 1826652399: Telegram server says - Bad Request: chat not found
2026-05-01 18:39:52,077 [ERROR] push_new_user_added: failed to notify admin 5833274854: Telegram server says - Bad Request: chat not found
2026-05-01 18:39:52,160 [ERROR] push_new_user_added: failed to notify admin 6039169278: Telegram server says - Bad Request: chat not found
2026-05-01 18:39:52,241 [ERROR] push_new_user_added: failed to notify admin 684673379: Telegram server says - Bad Request: chat not found
2026-05-01 18:39:52,327 [ERROR] push_new_user_added: failed to notify admin 7689326690: Telegram server says - Bad Request: chat not found
2026-05-01 18:39:52,424 [ERROR] push_new_user_added: failed to notify admin 8247095195: Telegram server says - Bad Request: chat not found
2026-05-01 18:39:52,514 [INFO] Update id=195071082 is handled. Duration 934 ms by bot id=6976304242
2026-05-01 19:18:48,890 [ERROR] Failed to fetch updates - TelegramNetworkError: HTTP Client says - ServerDisconnectedError: Server disconnected
2026-05-01 19:18:48,894 [WARNING] Sleep for 1.000000 seconds and try again... (tryings = 0, bot id = 6976304242)
2026-05-01 19:19:05,111 [ERROR] Failed to fetch updates - TelegramNetworkError: HTTP Client says - ServerDisconnectedError: Server disconnected
2026-05-01 19:19:05,113 [WARNING] Sleep for 1.206496 seconds and try again... (tryings = 1, bot id = 6976304242)
2026-05-01 19:36:21,530 [INFO] Connection established (tryings = 2, bot id = 6976304242)
2026-05-01 20:16:01,832 [ERROR] Failed to fetch updates - TelegramNetworkError: HTTP Client says - ServerDisconnectedError: Server disconnected
2026-05-01 20:16:01,834 [WARNING] Sleep for 1.000000 seconds and try again... (tryings = 0, bot id = 6976304242)
2026-05-01 20:34:09,483 [INFO] Connection established (tryings = 1, bot id = 6976304242)
2026-05-01 20:36:19,043 [ERROR] Failed to fetch updates - TelegramNetworkError: HTTP Client says - ServerDisconnectedError: Server disconnected
2026-05-01 20:36:19,046 [WARNING] Sleep for 1.000000 seconds and try again... (tryings = 0, bot id = 6976304242)
2026-05-01 20:55:04,360 [INFO] Connection established (tryings = 1, bot id = 6976304242)
2026-05-01 20:57:11,221 [ERROR] Failed to fetch updates - TelegramNetworkError: HTTP Client says - ServerDisconnectedError: Server disconnected
2026-05-01 20:57:11,223 [WARNING] Sleep for 1.000000 seconds and try again... (tryings = 0, bot id = 6976304242)
2026-05-01 21:16:04,231 [ERROR] Failed to fetch updates - TelegramNetworkError: HTTP Client says - Request timeout error
2026-05-01 21:16:04,233 [WARNING] Sleep for 1.340660 seconds and try again... (tryings = 1, bot id = 6976304242)
2026-05-01 21:16:15,772 [INFO] Connection established (tryings = 2, bot id = 6976304242)
2026-05-01 21:21:17,250 [WARNING] Received SIGTERM signal
2026-05-01 21:21:17,251 [INFO] Polling stopped for bot @mt_shop_messaging_bot id=6976304242 - 'Володимир Зеленський'
2026-05-01 21:21:17,252 [INFO] Polling stopped
2026-05-01 21:58:11,949 [INFO] Webhook set: https://servantless-postmuscular-sasha.ngrok-free.dev/team-group-bot/
2026-05-01 22:00:01,912 [INFO] Webhook set: https://servantless-postmuscular-sasha.ngrok-free.dev/team-group-bot
2026-05-01 22:04:44,001 [INFO] Webhook set: https://servantless-postmuscular-sasha.ngrok-free.dev/team-group-bot/
2026-05-01 22:07:26,721 [INFO] Webhook set: https://servantless-postmuscular-sasha.ngrok-free.dev/team-group-bot/
2026-05-01 22:07:29,454 [INFO] Update id=195071088 is handled. Duration 94 ms by bot id=6976304242
2026-05-01 22:07:37,283 [INFO] Update id=195071089 is handled. Duration 99 ms by bot id=6976304242
2026-05-01 22:07:43,878 [INFO] Update id=195071090 is handled. Duration 168 ms by bot id=6976304242
2026-05-01 22:07:47,679 [INFO] Update id=195071091 is handled. Duration 331 ms by bot id=6976304242
2026-05-01 22:11:27,884 [INFO] Webhook set: https://servantless-postmuscular-sasha.ngrok-free.dev/team-group-bot/
2026-05-01 22:11:40,691 [INFO] Update id=195071092 is handled. Duration 102 ms by bot id=6976304242
2026-05-01 22:11:41,958 [INFO] Update id=195071093 is handled. Duration 158 ms by bot id=6976304242
2026-05-01 22:11:44,328 [INFO] Update id=195071094 is handled. Duration 153 ms by bot id=6976304242
2026-05-01 22:11:45,759 [INFO] Update id=195071095 is handled. Duration 144 ms by bot id=6976304242
2026-05-01 22:11:47,152 [INFO] Update id=195071096 is handled. Duration 155 ms by bot id=6976304242
2026-05-01 22:11:48,308 [INFO] Update id=195071097 is handled. Duration 170 ms by bot id=6976304242
2026-05-01 22:11:51,708 [INFO] Update id=195071098 is handled. Duration 143 ms by bot id=6976304242
2026-05-01 22:11:52,830 [INFO] Update id=195071099 is handled. Duration 142 ms by bot id=6976304242
2026-05-01 22:11:54,486 [INFO] Update id=195071100 is handled. Duration 153 ms by bot id=6976304242
2026-05-01 22:11:57,297 [INFO] Update id=195071101 is handled. Duration 293 ms by bot id=6976304242
2026-05-01 22:11:59,618 [INFO] Update id=195071102 is handled. Duration 147 ms by bot id=6976304242
2026-05-01 22:12:00,769 [INFO] Update id=195071103 is handled. Duration 148 ms by bot id=6976304242
2026-05-01 22:12:02,774 [INFO] Update id=195071104 is handled. Duration 141 ms by bot id=6976304242
2026-05-01 22:12:04,177 [INFO] Update id=195071105 is handled. Duration 223 ms by bot id=6976304242
2026-05-01 22:12:05,168 [INFO] Update id=195071106 is handled. Duration 155 ms by bot id=6976304242
2026-05-01 22:13:06,541 [INFO] Update id=195071107 is not handled. Duration 60567 ms by bot id=6976304242
2026-05-01 22:13:06,544 [ERROR] Exception handled
Traceback (most recent call last):
  File "/app/main.py", line 61, in receive_update
    await dp.feed_update(bot, update)
  File "/usr/local/lib/python3.11/site-packages/aiogram/dispatcher/dispatcher.py", line 158, in feed_update
    response = await self.update.wrap_outer_middleware(
               ^^^^^^^^^^^^^^^^^^^^^^^^^^^^^^^^^^^^^^^^
  File "/usr/local/lib/python3.11/site-packages/aiogram/dispatcher/middlewares/error.py", line 25, in __call__
    return await handler(event, data)
           ^^^^^^^^^^^^^^^^^^^^^^^^^^
  File "/usr/local/lib/python3.11/site-packages/aiogram/dispatcher/middlewares/user_context.py", line 27, in __call__
    return await handler(event, data)
           ^^^^^^^^^^^^^^^^^^^^^^^^^^
  File "/usr/local/lib/python3.11/site-packages/aiogram/fsm/middleware.py", line 41, in __call__
    return await handler(event, data)
           ^^^^^^^^^^^^^^^^^^^^^^^^^^
  File "/usr/local/lib/python3.11/site-packages/aiogram/dispatcher/event/telegram.py", line 121, in trigger
    return await wrapped_inner(event, kwargs)
           ^^^^^^^^^^^^^^^^^^^^^^^^^^^^^^^^^^
  File "/usr/local/lib/python3.11/site-packages/aiogram/dispatcher/event/handler.py", line 43, in call
    return await wrapped()
           ^^^^^^^^^^^^^^^
  File "/usr/local/lib/python3.11/site-packages/aiogram/dispatcher/dispatcher.py", line 276, in _listen_update
    return await self.propagate_event(update_type=update_type, event=event, **kwargs)
           ^^^^^^^^^^^^^^^^^^^^^^^^^^^^^^^^^^^^^^^^^^^^^^^^^^^^^^^^^^^^^^^^^^^^^^^^^^
  File "/usr/local/lib/python3.11/site-packages/aiogram/dispatcher/router.py", line 128, in propagate_event
    return await observer.wrap_outer_middleware(_wrapped, event=event, data=kwargs)
           ^^^^^^^^^^^^^^^^^^^^^^^^^^^^^^^^^^^^^^^^^^^^^^^^^^^^^^^^^^^^^^^^^^^^^^^^
  File "/usr/local/lib/python3.11/site-packages/aiogram/dispatcher/router.py", line 123, in _wrapped
    return await self._propagate_event(
           ^^^^^^^^^^^^^^^^^^^^^^^^^^^^
  File "/usr/local/lib/python3.11/site-packages/aiogram/dispatcher/router.py", line 156, in _propagate_event
    response = await router.propagate_event(update_type=update_type, event=event, **kwargs)
               ^^^^^^^^^^^^^^^^^^^^^^^^^^^^^^^^^^^^^^^^^^^^^^^^^^^^^^^^^^^^^^^^^^^^^^^^^^^^
  File "/usr/local/lib/python3.11/site-packages/aiogram/dispatcher/router.py", line 128, in propagate_event
    return await observer.wrap_outer_middleware(_wrapped, event=event, data=kwargs)
           ^^^^^^^^^^^^^^^^^^^^^^^^^^^^^^^^^^^^^^^^^^^^^^^^^^^^^^^^^^^^^^^^^^^^^^^^
  File "/usr/local/lib/python3.11/site-packages/aiogram/dispatcher/router.py", line 123, in _wrapped
    return await self._propagate_event(
           ^^^^^^^^^^^^^^^^^^^^^^^^^^^^
  File "/usr/local/lib/python3.11/site-packages/aiogram/dispatcher/router.py", line 156, in _propagate_event
    response = await router.propagate_event(update_type=update_type, event=event, **kwargs)
               ^^^^^^^^^^^^^^^^^^^^^^^^^^^^^^^^^^^^^^^^^^^^^^^^^^^^^^^^^^^^^^^^^^^^^^^^^^^^
  File "/usr/local/lib/python3.11/site-packages/aiogram/dispatcher/router.py", line 128, in propagate_event
    return await observer.wrap_outer_middleware(_wrapped, event=event, data=kwargs)
           ^^^^^^^^^^^^^^^^^^^^^^^^^^^^^^^^^^^^^^^^^^^^^^^^^^^^^^^^^^^^^^^^^^^^^^^^
  File "/usr/local/lib/python3.11/site-packages/aiogram/dispatcher/router.py", line 123, in _wrapped
    return await self._propagate_event(
           ^^^^^^^^^^^^^^^^^^^^^^^^^^^^
  File "/usr/local/lib/python3.11/site-packages/aiogram/dispatcher/router.py", line 148, in _propagate_event
    response = await observer.trigger(event, **kwargs)
               ^^^^^^^^^^^^^^^^^^^^^^^^^^^^^^^^^^^^^^^
  File "/usr/local/lib/python3.11/site-packages/aiogram/dispatcher/event/telegram.py", line 121, in trigger
    return await wrapped_inner(event, kwargs)
           ^^^^^^^^^^^^^^^^^^^^^^^^^^^^^^^^^^
  File "/app/domain/middlewares/IsPrivateChatAdmin.py", line 26, in __call__
    return await handler(event, data)
           ^^^^^^^^^^^^^^^^^^^^^^^^^^
  File "/usr/local/lib/python3.11/site-packages/aiogram/dispatcher/event/handler.py", line 43, in call
    return await wrapped()
           ^^^^^^^^^^^^^^^
  File "/app/domain/routers/admin/chat/menu/statistic_.py", line 41, in bug_report
    await check_bot_membership(callback.bot, callback.from_user.id)
  File "/app/domain/tools/BotCheckChat.py", line 69, in check_bot_membership
    await bot.send_message(chat_id=chat_id, text=results)
  File "/usr/local/lib/python3.11/site-packages/aiogram/client/bot.py", line 2823, in send_message
    return await self(call, request_timeout=request_timeout)
           ^^^^^^^^^^^^^^^^^^^^^^^^^^^^^^^^^^^^^^^^^^^^^^^^^
  File "/usr/local/lib/python3.11/site-packages/aiogram/client/bot.py", line 492, in __call__
    return await self.session(self, method, timeout=request_timeout)
           ^^^^^^^^^^^^^^^^^^^^^^^^^^^^^^^^^^^^^^^^^^^^^^^^^^^^^^^^^
  File "/usr/local/lib/python3.11/site-packages/aiogram/client/session/base.py", line 254, in __call__
    return cast(TelegramType, await middleware(bot, method))
                              ^^^^^^^^^^^^^^^^^^^^^^^^^^^^^
  File "/usr/local/lib/python3.11/site-packages/aiogram/client/session/aiohttp.py", line 178, in make_request
    response = self.check_response(
               ^^^^^^^^^^^^^^^^^^^^
  File "/usr/local/lib/python3.11/site-packages/aiogram/client/session/base.py", line 110, in check_response
    raise TelegramRetryAfter(
aiogram.exceptions.TelegramRetryAfter: Telegram server says - Flood control exceeded on method 'SendMessage' in chat 886327182. Retry in 9 seconds.
Original description: Too Many Requests: retry after 9
(background on this error at: https://core.telegram.org/bots/faq#my-bot-is-hitting-limits-how-do-i-avoid-this)
2026-05-01 22:13:06,549 [ERROR] Telegram server says - Flood control exceeded on method 'SendMessage' in chat 886327182. Retry in 9 seconds.
Original description: Too Many Requests: retry after 9
(background on this error at: https://core.telegram.org/bots/faq#my-bot-is-hitting-limits-how-do-i-avoid-this)
2026-05-01 22:13:06,551 [INFO] Update id=195071107 is not handled. Duration 562 ms by bot id=6976304242
2026-05-01 22:13:06,551 [ERROR] Exception handled
Traceback (most recent call last):
  File "/app/main.py", line 61, in receive_update
    await dp.feed_update(bot, update)
  File "/usr/local/lib/python3.11/site-packages/aiogram/dispatcher/dispatcher.py", line 158, in feed_update
    response = await self.update.wrap_outer_middleware(
               ^^^^^^^^^^^^^^^^^^^^^^^^^^^^^^^^^^^^^^^^
  File "/usr/local/lib/python3.11/site-packages/aiogram/dispatcher/middlewares/error.py", line 25, in __call__
    return await handler(event, data)
           ^^^^^^^^^^^^^^^^^^^^^^^^^^
  File "/usr/local/lib/python3.11/site-packages/aiogram/dispatcher/middlewares/user_context.py", line 27, in __call__
    return await handler(event, data)
           ^^^^^^^^^^^^^^^^^^^^^^^^^^
  File "/usr/local/lib/python3.11/site-packages/aiogram/fsm/middleware.py", line 41, in __call__
    return await handler(event, data)
           ^^^^^^^^^^^^^^^^^^^^^^^^^^
  File "/usr/local/lib/python3.11/site-packages/aiogram/dispatcher/event/telegram.py", line 121, in trigger
    return await wrapped_inner(event, kwargs)
           ^^^^^^^^^^^^^^^^^^^^^^^^^^^^^^^^^^
  File "/usr/local/lib/python3.11/site-packages/aiogram/dispatcher/event/handler.py", line 43, in call
    return await wrapped()
           ^^^^^^^^^^^^^^^
  File "/usr/local/lib/python3.11/site-packages/aiogram/dispatcher/dispatcher.py", line 276, in _listen_update
    return await self.propagate_event(update_type=update_type, event=event, **kwargs)
           ^^^^^^^^^^^^^^^^^^^^^^^^^^^^^^^^^^^^^^^^^^^^^^^^^^^^^^^^^^^^^^^^^^^^^^^^^^
  File "/usr/local/lib/python3.11/site-packages/aiogram/dispatcher/router.py", line 128, in propagate_event
    return await observer.wrap_outer_middleware(_wrapped, event=event, data=kwargs)
           ^^^^^^^^^^^^^^^^^^^^^^^^^^^^^^^^^^^^^^^^^^^^^^^^^^^^^^^^^^^^^^^^^^^^^^^^
  File "/usr/local/lib/python3.11/site-packages/aiogram/dispatcher/router.py", line 123, in _wrapped
    return await self._propagate_event(
           ^^^^^^^^^^^^^^^^^^^^^^^^^^^^
  File "/usr/local/lib/python3.11/site-packages/aiogram/dispatcher/router.py", line 156, in _propagate_event
    response = await router.propagate_event(update_type=update_type, event=event, **kwargs)
               ^^^^^^^^^^^^^^^^^^^^^^^^^^^^^^^^^^^^^^^^^^^^^^^^^^^^^^^^^^^^^^^^^^^^^^^^^^^^
  File "/usr/local/lib/python3.11/site-packages/aiogram/dispatcher/router.py", line 128, in propagate_event
    return await observer.wrap_outer_middleware(_wrapped, event=event, data=kwargs)
           ^^^^^^^^^^^^^^^^^^^^^^^^^^^^^^^^^^^^^^^^^^^^^^^^^^^^^^^^^^^^^^^^^^^^^^^^
  File "/usr/local/lib/python3.11/site-packages/aiogram/dispatcher/router.py", line 123, in _wrapped
    return await self._propagate_event(
           ^^^^^^^^^^^^^^^^^^^^^^^^^^^^
  File "/usr/local/lib/python3.11/site-packages/aiogram/dispatcher/router.py", line 156, in _propagate_event
    response = await router.propagate_event(update_type=update_type, event=event, **kwargs)
               ^^^^^^^^^^^^^^^^^^^^^^^^^^^^^^^^^^^^^^^^^^^^^^^^^^^^^^^^^^^^^^^^^^^^^^^^^^^^
  File "/usr/local/lib/python3.11/site-packages/aiogram/dispatcher/router.py", line 128, in propagate_event
    return await observer.wrap_outer_middleware(_wrapped, event=event, data=kwargs)
           ^^^^^^^^^^^^^^^^^^^^^^^^^^^^^^^^^^^^^^^^^^^^^^^^^^^^^^^^^^^^^^^^^^^^^^^^
  File "/usr/local/lib/python3.11/site-packages/aiogram/dispatcher/router.py", line 123, in _wrapped
    return await self._propagate_event(
           ^^^^^^^^^^^^^^^^^^^^^^^^^^^^
  File "/usr/local/lib/python3.11/site-packages/aiogram/dispatcher/router.py", line 148, in _propagate_event
    response = await observer.trigger(event, **kwargs)
               ^^^^^^^^^^^^^^^^^^^^^^^^^^^^^^^^^^^^^^^
  File "/usr/local/lib/python3.11/site-packages/aiogram/dispatcher/event/telegram.py", line 121, in trigger
    return await wrapped_inner(event, kwargs)
           ^^^^^^^^^^^^^^^^^^^^^^^^^^^^^^^^^^
  File "/app/domain/middlewares/IsPrivateChatAdmin.py", line 26, in __call__
    return await handler(event, data)
           ^^^^^^^^^^^^^^^^^^^^^^^^^^
  File "/usr/local/lib/python3.11/site-packages/aiogram/dispatcher/event/handler.py", line 43, in call
    return await wrapped()
           ^^^^^^^^^^^^^^^
  File "/app/domain/routers/admin/chat/menu/statistic_.py", line 41, in bug_report
    await check_bot_membership(callback.bot, callback.from_user.id)
  File "/app/domain/tools/BotCheckChat.py", line 69, in check_bot_membership
    await bot.send_message(chat_id=chat_id, text=results)
  File "/usr/local/lib/python3.11/site-packages/aiogram/client/bot.py", line 2823, in send_message
    return await self(call, request_timeout=request_timeout)
           ^^^^^^^^^^^^^^^^^^^^^^^^^^^^^^^^^^^^^^^^^^^^^^^^^
  File "/usr/local/lib/python3.11/site-packages/aiogram/client/bot.py", line 492, in __call__
    return await self.session(self, method, timeout=request_timeout)
           ^^^^^^^^^^^^^^^^^^^^^^^^^^^^^^^^^^^^^^^^^^^^^^^^^^^^^^^^^
  File "/usr/local/lib/python3.11/site-packages/aiogram/client/session/base.py", line 254, in __call__
    return cast(TelegramType, await middleware(bot, method))
                              ^^^^^^^^^^^^^^^^^^^^^^^^^^^^^
  File "/usr/local/lib/python3.11/site-packages/aiogram/client/session/aiohttp.py", line 178, in make_request
    response = self.check_response(
               ^^^^^^^^^^^^^^^^^^^^
  File "/usr/local/lib/python3.11/site-packages/aiogram/client/session/base.py", line 110, in check_response
    raise TelegramRetryAfter(
aiogram.exceptions.TelegramRetryAfter: Telegram server says - Flood control exceeded on method 'SendMessage' in chat 886327182. Retry in 9 seconds.
Original description: Too Many Requests: retry after 9
(background on this error at: https://core.telegram.org/bots/faq#my-bot-is-hitting-limits-how-do-i-avoid-this)
2026-05-01 22:13:06,553 [ERROR] Telegram server says - Flood control exceeded on method 'SendMessage' in chat 886327182. Retry in 9 seconds.
Original description: Too Many Requests: retry after 9
(background on this error at: https://core.telegram.org/bots/faq#my-bot-is-hitting-limits-how-do-i-avoid-this)
2026-05-01 22:13:17,569 [INFO] Webhook set: https://servantless-postmuscular-sasha.ngrok-free.dev/team-group-bot/
2026-05-01 22:13:34,576 [INFO] Update id=195071108 is handled. Duration 208 ms by bot id=6976304242
2026-05-01 22:13:35,962 [INFO] Update id=195071109 is handled. Duration 234 ms by bot id=6976304242
2026-05-01 22:13:38,640 [INFO] Update id=195071110 is handled. Duration 152 ms by bot id=6976304242
2026-05-01 22:24:38,815 [INFO] Bot session closed
2026-05-07 13:05:49,094 [INFO] Webhook set: https://servantless-postmuscular-sasha.ngrok-free.dev/team-group-bot/
2026-05-07 13:06:06,526 [ERROR] Error in is_admin: (pymysql.err.OperationalError) (2003, "Can't connect to MySQL server on 'host.docker.internal'")
(Background on this error at: https://sqlalche.me/e/20/e3q8)
2026-05-07 13:06:06,527 [INFO] Update id=195071111 is handled. Duration 8 ms by bot id=6976304242
2026-05-07 13:06:19,411 [ERROR] Error in is_admin: (pymysql.err.OperationalError) (2003, "Can't connect to MySQL server on 'host.docker.internal'")
(Background on this error at: https://sqlalche.me/e/20/e3q8)
2026-05-07 13:06:19,411 [INFO] Update id=195071112 is handled. Duration 3 ms by bot id=6976304242
2026-05-07 13:06:20,701 [ERROR] Error in is_admin: (pymysql.err.OperationalError) (2003, "Can't connect to MySQL server on 'host.docker.internal'")
(Background on this error at: https://sqlalche.me/e/20/e3q8)
2026-05-07 13:06:20,701 [INFO] Update id=195071113 is handled. Duration 4 ms by bot id=6976304242
2026-05-07 13:06:34,417 [ERROR] Error in is_admin: (pymysql.err.OperationalError) (2003, "Can't connect to MySQL server on 'host.docker.internal'")
(Background on this error at: https://sqlalche.me/e/20/e3q8)
2026-05-07 13:06:34,417 [INFO] Update id=195071114 is handled. Duration 3 ms by bot id=6976304242
2026-05-07 13:07:13,947 [INFO] Bot session closed
2026-05-07 13:07:16,436 [INFO] Webhook set: https://servantless-postmuscular-sasha.ngrok-free.dev/team-group-bot/
2026-05-07 13:07:18,576 [INFO] Update id=195071115 is handled. Duration 135 ms by bot id=6976304242
2026-05-07 13:07:24,717 [INFO] Update id=195071116 is handled. Duration 162 ms by bot id=6976304242
2026-05-07 13:07:27,439 [INFO] Update id=195071117 is handled. Duration 131 ms by bot id=6976304242
2026-05-07 13:07:29,145 [INFO] Update id=195071118 is handled. Duration 262 ms by bot id=6976304242
2026-05-07 13:07:30,532 [INFO] Update id=195071119 is handled. Duration 172 ms by bot id=6976304242
2026-05-07 13:08:19,740 [INFO] Bot session closed
2026-05-07 13:08:22,022 [INFO] Webhook set: https://servantless-postmuscular-sasha.ngrok-free.dev/team-group-bot/
2026-05-07 13:08:42,638 [INFO] Webhook set: https://servantless-postmuscular-sasha.ngrok-free.dev/team-group-bot/
2026-05-07 13:08:44,409 [INFO] Update id=195071122 is handled. Duration 143 ms by bot id=6976304242
2026-05-07 13:08:45,705 [INFO] Update id=195071123 is handled. Duration 153 ms by bot id=6976304242
2026-05-07 13:08:49,201 [INFO] Update id=195071124 is handled. Duration 154 ms by bot id=6976304242
2026-05-07 13:08:50,480 [INFO] Update id=195071125 is handled. Duration 410 ms by bot id=6976304242
2026-05-07 13:08:51,687 [INFO] Update id=195071126 is handled. Duration 140 ms by bot id=6976304242
2026-05-07 13:08:52,403 [INFO] Update id=195071127 is handled. Duration 142 ms by bot id=6976304242
2026-05-07 13:08:54,092 [INFO] Update id=195071128 is handled. Duration 60 ms by bot id=6976304242
2026-05-07 13:09:01,267 [INFO] Update id=195071129 is handled. Duration 68 ms by bot id=6976304242
2026-05-07 13:09:04,091 [INFO] Update id=195071130 is handled. Duration 156 ms by bot id=6976304242
2026-05-07 13:09:05,096 [INFO] Update id=195071131 is handled. Duration 143 ms by bot id=6976304242
2026-05-07 13:09:06,412 [INFO] Update id=195071132 is handled. Duration 167 ms by bot id=6976304242
2026-05-07 13:09:54,084 [INFO] Bot session closed
2026-05-07 13:09:54,110 [INFO] Bot session closed
2026-05-07 13:09:56,352 [INFO] Webhook set: https://servantless-postmuscular-sasha.ngrok-free.dev/team-group-bot/
2026-05-07 13:10:08,549 [INFO] Webhook set: https://servantless-postmuscular-sasha.ngrok-free.dev/team-group-bot/
2026-05-07 13:10:10,956 [INFO] Update id=195071133 is handled. Duration 106 ms by bot id=6976304242
2026-05-07 13:10:12,175 [INFO] Update id=195071134 is handled. Duration 202 ms by bot id=6976304242
2026-05-07 13:10:14,382 [INFO] Update id=195071135 is handled. Duration 258 ms by bot id=6976304242
2026-05-07 13:11:19,957 [INFO] Bot session closed
2026-05-07 13:11:20,027 [INFO] Bot session closed
2026-05-07 13:11:22,289 [INFO] Webhook set: https://servantless-postmuscular-sasha.ngrok-free.dev/team-group-bot/
2026-05-07 13:13:29,800 [INFO] Webhook set: https://servantless-postmuscular-sasha.ngrok-free.dev/team-group-bot/
2026-05-07 13:13:34,180 [INFO] Update id=195071136 is handled. Duration 171 ms by bot id=6976304242
2026-05-07 13:13:36,876 [INFO] Update id=195071137 is handled. Duration 149 ms by bot id=6976304242
2026-05-07 13:13:39,132 [INFO] Update id=195071138 is handled. Duration 324 ms by bot id=6976304242
2026-05-07 13:13:40,452 [INFO] Update id=195071139 is handled. Duration 58 ms by bot id=6976304242
2026-05-07 13:13:41,769 [INFO] Update id=195071140 is handled. Duration 138 ms by bot id=6976304242
2026-05-07 13:13:42,670 [INFO] Update id=195071141 is handled. Duration 135 ms by bot id=6976304242
2026-05-07 13:13:43,961 [INFO] Update id=195071142 is handled. Duration 124 ms by bot id=6976304242
2026-05-07 13:13:44,773 [INFO] Update id=195071143 is handled. Duration 337 ms by bot id=6976304242
2026-05-07 13:13:45,375 [INFO] Update id=195071144 is handled. Duration 131 ms by bot id=6976304242
2026-05-07 13:13:45,760 [INFO] Update id=195071145 is handled. Duration 139 ms by bot id=6976304242
2026-05-07 13:13:49,943 [INFO] Update id=195071146 is handled. Duration 189 ms by bot id=6976304242
2026-05-07 13:13:52,732 [INFO] Update id=195071147 is handled. Duration 209 ms by bot id=6976304242
2026-05-07 13:13:53,529 [INFO] Update id=195071148 is handled. Duration 409 ms by bot id=6976304242
2026-05-07 13:13:54,296 [INFO] Update id=195071149 is handled. Duration 253 ms by bot id=6976304242
2026-05-07 13:13:55,919 [INFO] Update id=195071150 is handled. Duration 137 ms by bot id=6976304242
2026-05-07 13:13:58,117 [INFO] Update id=195071151 is handled. Duration 151 ms by bot id=6976304242
2026-05-07 13:13:59,088 [INFO] Update id=195071152 is handled. Duration 156 ms by bot id=6976304242
2026-05-07 13:14:04,075 [INFO] Update id=195071153 is handled. Duration 140 ms by bot id=6976304242
2026-05-07 13:14:05,614 [ERROR] Error in get_last_broadcasts: (pymysql.err.ProgrammingError) (1146, "Table 'team_group_db.broadcasts' doesn't exist")
[SQL: SELECT broadcasts.id, broadcasts.admin_id, broadcasts.admin_name, broadcasts.category, broadcasts.message_text, broadcasts.has_photo, broadcasts.has_buttons, broadcasts.sent_at, broadcasts.groups_count 
FROM broadcasts ORDER BY broadcasts.sent_at DESC 
 LIMIT %s]
[parameters: (20,)]
(Background on this error at: https://sqlalche.me/e/20/f405)
2026-05-07 13:14:05,788 [INFO] Update id=195071154 is handled. Duration 179 ms by bot id=6976304242
2026-05-07 13:14:06,719 [INFO] Update id=195071155 is handled. Duration 150 ms by bot id=6976304242
2026-05-07 13:14:09,049 [INFO] Update id=195071156 is not handled. Duration 139 ms by bot id=6976304242
2026-05-07 13:14:09,050 [ERROR] Exception handled
Traceback (most recent call last):
  File "/Users/mac/Documents/GitHub/mt_messaging_bot/bot/domain/tools/edit_helper.py", line 6, in edit_or_answer
    await callback.message.edit_text(text, reply_markup=reply_markup)
  File "/Users/mac/Documents/GitHub/mt_messaging_bot/.venv/lib/python3.11/site-packages/aiogram/methods/base.py", line 84, in emit
    return await bot(self)
           ^^^^^^^^^^^^^^^
  File "/Users/mac/Documents/GitHub/mt_messaging_bot/.venv/lib/python3.11/site-packages/aiogram/client/bot.py", line 492, in __call__
    return await self.session(self, method, timeout=request_timeout)
           ^^^^^^^^^^^^^^^^^^^^^^^^^^^^^^^^^^^^^^^^^^^^^^^^^^^^^^^^^
  File "/Users/mac/Documents/GitHub/mt_messaging_bot/.venv/lib/python3.11/site-packages/aiogram/client/session/base.py", line 254, in __call__
    return cast(TelegramType, await middleware(bot, method))
                              ^^^^^^^^^^^^^^^^^^^^^^^^^^^^^
  File "/Users/mac/Documents/GitHub/mt_messaging_bot/.venv/lib/python3.11/site-packages/aiogram/client/session/aiohttp.py", line 178, in make_request
    response = self.check_response(
               ^^^^^^^^^^^^^^^^^^^^
  File "/Users/mac/Documents/GitHub/mt_messaging_bot/.venv/lib/python3.11/site-packages/aiogram/client/session/base.py", line 120, in check_response
    raise TelegramBadRequest(method=method, message=description)
aiogram.exceptions.TelegramBadRequest: Telegram server says - Bad Request: can't parse entities: Unsupported start tag "-" at byte offset 526

During handling of the above exception, another exception occurred:

Traceback (most recent call last):
  File "/Users/mac/Documents/GitHub/mt_messaging_bot/bot/main.py", line 62, in receive_update
    await dp.feed_update(bot, update)
  File "/Users/mac/Documents/GitHub/mt_messaging_bot/.venv/lib/python3.11/site-packages/aiogram/dispatcher/dispatcher.py", line 158, in feed_update
    response = await self.update.wrap_outer_middleware(
               ^^^^^^^^^^^^^^^^^^^^^^^^^^^^^^^^^^^^^^^^
  File "/Users/mac/Documents/GitHub/mt_messaging_bot/.venv/lib/python3.11/site-packages/aiogram/dispatcher/middlewares/error.py", line 25, in __call__
    return await handler(event, data)
           ^^^^^^^^^^^^^^^^^^^^^^^^^^
  File "/Users/mac/Documents/GitHub/mt_messaging_bot/.venv/lib/python3.11/site-packages/aiogram/dispatcher/middlewares/user_context.py", line 27, in __call__
    return await handler(event, data)
           ^^^^^^^^^^^^^^^^^^^^^^^^^^
  File "/Users/mac/Documents/GitHub/mt_messaging_bot/.venv/lib/python3.11/site-packages/aiogram/fsm/middleware.py", line 41, in __call__
    return await handler(event, data)
           ^^^^^^^^^^^^^^^^^^^^^^^^^^
  File "/Users/mac/Documents/GitHub/mt_messaging_bot/.venv/lib/python3.11/site-packages/aiogram/dispatcher/event/telegram.py", line 121, in trigger
    return await wrapped_inner(event, kwargs)
           ^^^^^^^^^^^^^^^^^^^^^^^^^^^^^^^^^^
  File "/Users/mac/Documents/GitHub/mt_messaging_bot/.venv/lib/python3.11/site-packages/aiogram/dispatcher/event/handler.py", line 43, in call
    return await wrapped()
           ^^^^^^^^^^^^^^^
  File "/Users/mac/Documents/GitHub/mt_messaging_bot/.venv/lib/python3.11/site-packages/aiogram/dispatcher/dispatcher.py", line 276, in _listen_update
    return await self.propagate_event(update_type=update_type, event=event, **kwargs)
           ^^^^^^^^^^^^^^^^^^^^^^^^^^^^^^^^^^^^^^^^^^^^^^^^^^^^^^^^^^^^^^^^^^^^^^^^^^
  File "/Users/mac/Documents/GitHub/mt_messaging_bot/.venv/lib/python3.11/site-packages/aiogram/dispatcher/router.py", line 128, in propagate_event
    return await observer.wrap_outer_middleware(_wrapped, event=event, data=kwargs)
           ^^^^^^^^^^^^^^^^^^^^^^^^^^^^^^^^^^^^^^^^^^^^^^^^^^^^^^^^^^^^^^^^^^^^^^^^
  File "/Users/mac/Documents/GitHub/mt_messaging_bot/.venv/lib/python3.11/site-packages/aiogram/dispatcher/router.py", line 123, in _wrapped
    return await self._propagate_event(
           ^^^^^^^^^^^^^^^^^^^^^^^^^^^^
  File "/Users/mac/Documents/GitHub/mt_messaging_bot/.venv/lib/python3.11/site-packages/aiogram/dispatcher/router.py", line 156, in _propagate_event
    response = await router.propagate_event(update_type=update_type, event=event, **kwargs)
               ^^^^^^^^^^^^^^^^^^^^^^^^^^^^^^^^^^^^^^^^^^^^^^^^^^^^^^^^^^^^^^^^^^^^^^^^^^^^
  File "/Users/mac/Documents/GitHub/mt_messaging_bot/.venv/lib/python3.11/site-packages/aiogram/dispatcher/router.py", line 128, in propagate_event
    return await observer.wrap_outer_middleware(_wrapped, event=event, data=kwargs)
           ^^^^^^^^^^^^^^^^^^^^^^^^^^^^^^^^^^^^^^^^^^^^^^^^^^^^^^^^^^^^^^^^^^^^^^^^
  File "/Users/mac/Documents/GitHub/mt_messaging_bot/.venv/lib/python3.11/site-packages/aiogram/dispatcher/router.py", line 123, in _wrapped
    return await self._propagate_event(
           ^^^^^^^^^^^^^^^^^^^^^^^^^^^^
  File "/Users/mac/Documents/GitHub/mt_messaging_bot/.venv/lib/python3.11/site-packages/aiogram/dispatcher/router.py", line 156, in _propagate_event
    response = await router.propagate_event(update_type=update_type, event=event, **kwargs)
               ^^^^^^^^^^^^^^^^^^^^^^^^^^^^^^^^^^^^^^^^^^^^^^^^^^^^^^^^^^^^^^^^^^^^^^^^^^^^
  File "/Users/mac/Documents/GitHub/mt_messaging_bot/.venv/lib/python3.11/site-packages/aiogram/dispatcher/router.py", line 128, in propagate_event
    return await observer.wrap_outer_middleware(_wrapped, event=event, data=kwargs)
           ^^^^^^^^^^^^^^^^^^^^^^^^^^^^^^^^^^^^^^^^^^^^^^^^^^^^^^^^^^^^^^^^^^^^^^^^
  File "/Users/mac/Documents/GitHub/mt_messaging_bot/.venv/lib/python3.11/site-packages/aiogram/dispatcher/router.py", line 123, in _wrapped
    return await self._propagate_event(
           ^^^^^^^^^^^^^^^^^^^^^^^^^^^^
  File "/Users/mac/Documents/GitHub/mt_messaging_bot/.venv/lib/python3.11/site-packages/aiogram/dispatcher/router.py", line 148, in _propagate_event
    response = await observer.trigger(event, **kwargs)
               ^^^^^^^^^^^^^^^^^^^^^^^^^^^^^^^^^^^^^^^
  File "/Users/mac/Documents/GitHub/mt_messaging_bot/.venv/lib/python3.11/site-packages/aiogram/dispatcher/event/telegram.py", line 121, in trigger
    return await wrapped_inner(event, kwargs)
           ^^^^^^^^^^^^^^^^^^^^^^^^^^^^^^^^^^
  File "/Users/mac/Documents/GitHub/mt_messaging_bot/bot/domain/middlewares/IsPrivateChatAdmin.py", line 26, in __call__
    return await handler(event, data)
           ^^^^^^^^^^^^^^^^^^^^^^^^^^
  File "/Users/mac/Documents/GitHub/mt_messaging_bot/.venv/lib/python3.11/site-packages/aiogram/dispatcher/event/handler.py", line 43, in call
    return await wrapped()
           ^^^^^^^^^^^^^^^
  File "/Users/mac/Documents/GitHub/mt_messaging_bot/bot/domain/routers/admin/chat/menu/statistic_.py", line 47, in statistic_info
    await edit_or_answer(callback, info, reply_markup=kb_back_to_main())
  File "/Users/mac/Documents/GitHub/mt_messaging_bot/bot/domain/tools/edit_helper.py", line 8, in edit_or_answer
    await callback.message.answer(text, reply_markup=reply_markup)
  File "/Users/mac/Documents/GitHub/mt_messaging_bot/.venv/lib/python3.11/site-packages/aiogram/methods/base.py", line 84, in emit
    return await bot(self)
           ^^^^^^^^^^^^^^^
  File "/Users/mac/Documents/GitHub/mt_messaging_bot/.venv/lib/python3.11/site-packages/aiogram/client/bot.py", line 492, in __call__
    return await self.session(self, method, timeout=request_timeout)
           ^^^^^^^^^^^^^^^^^^^^^^^^^^^^^^^^^^^^^^^^^^^^^^^^^^^^^^^^^
  File "/Users/mac/Documents/GitHub/mt_messaging_bot/.venv/lib/python3.11/site-packages/aiogram/client/session/base.py", line 254, in __call__
    return cast(TelegramType, await middleware(bot, method))
                              ^^^^^^^^^^^^^^^^^^^^^^^^^^^^^
  File "/Users/mac/Documents/GitHub/mt_messaging_bot/.venv/lib/python3.11/site-packages/aiogram/client/session/aiohttp.py", line 178, in make_request
    response = self.check_response(
               ^^^^^^^^^^^^^^^^^^^^
  File "/Users/mac/Documents/GitHub/mt_messaging_bot/.venv/lib/python3.11/site-packages/aiogram/client/session/base.py", line 120, in check_response
    raise TelegramBadRequest(method=method, message=description)
aiogram.exceptions.TelegramBadRequest: Telegram server says - Bad Request: can't parse entities: Unsupported start tag "-" at byte offset 526
2026-05-07 13:14:09,059 [ERROR] Telegram server says - Bad Request: can't parse entities: Unsupported start tag "-" at byte offset 526
2026-05-07 13:17:24,050 [INFO] Bot session closed
2026-05-07 13:17:49,548 [INFO] Webhook set: https://servantless-postmuscular-sasha.ngrok-free.dev/team-group-bot/
2026-05-07 13:18:00,436 [INFO] Update id=195071157 is handled. Duration 100 ms by bot id=6976304242
2026-05-07 13:18:02,833 [INFO] Update id=195071158 is handled. Duration 184 ms by bot id=6976304242
2026-05-07 13:18:28,192 [INFO] Update id=195071159 is handled. Duration 272 ms by bot id=6976304242
2026-05-07 13:18:30,292 [INFO] Update id=195071160 is handled. Duration 184 ms by bot id=6976304242
2026-05-07 13:18:32,180 [INFO] Update id=195071161 is handled. Duration 157 ms by bot id=6976304242
2026-05-07 13:18:58,599 [INFO] Update id=195071162 is handled. Duration 236 ms by bot id=6976304242
2026-05-07 13:19:00,384 [INFO] Update id=195071163 is handled. Duration 142 ms by bot id=6976304242
2026-05-07 13:19:01,300 [INFO] Update id=195071164 is handled. Duration 137 ms by bot id=6976304242
2026-05-07 13:19:01,819 [INFO] Update id=195071165 is handled. Duration 142 ms by bot id=6976304242
2026-05-07 13:19:02,528 [INFO] Update id=195071166 is handled. Duration 135 ms by bot id=6976304242
2026-05-07 13:38:42,398 [INFO] Update id=195071167 is handled. Duration 257 ms by bot id=6976304242
2026-05-07 13:45:51,040 [INFO] Bot session closed
2026-05-07 13:45:53,541 [INFO] Webhook set: https://servantless-postmuscular-sasha.ngrok-free.dev/team-group-bot/
2026-05-07 13:46:06,660 [INFO] Update id=195071168 is handled. Duration 199 ms by bot id=6976304242
2026-05-07 13:46:15,971 [INFO] Update id=195071169 is handled. Duration 147 ms by bot id=6976304242
2026-05-07 13:46:16,975 [INFO] Update id=195071170 is handled. Duration 131 ms by bot id=6976304242
2026-05-07 13:46:18,170 [INFO] Update id=195071171 is handled. Duration 148 ms by bot id=6976304242
2026-05-07 13:46:19,338 [INFO] Update id=195071172 is handled. Duration 132 ms by bot id=6976304242
2026-05-07 13:46:21,849 [INFO] Update id=195071173 is handled. Duration 160 ms by bot id=6976304242
2026-05-07 13:46:22,754 [INFO] Update id=195071174 is handled. Duration 159 ms by bot id=6976304242
2026-05-07 13:46:23,624 [INFO] Update id=195071175 is handled. Duration 165 ms by bot id=6976304242
2026-05-07 13:46:53,542 [INFO] health_check: starting background group check
2026-05-07 13:46:54,010 [INFO] health_check: not found -4574203386, removed=True
2026-05-07 13:46:54,122 [INFO] health_check: not found -4578242944, removed=True
2026-05-07 13:46:54,233 [INFO] health_check: not found -4597987649, removed=True
2026-05-07 13:46:54,345 [INFO] health_check: not found -4599728715, removed=True
2026-05-07 13:46:54,455 [INFO] health_check: not found -4601268463, removed=True
2026-05-07 13:46:54,574 [INFO] health_check: not found -4603802889, removed=True
2026-05-07 13:46:54,683 [INFO] health_check: not found -4607606652, removed=True
2026-05-07 13:46:54,796 [INFO] health_check: not found -4609038842, removed=True
2026-05-07 13:46:54,906 [INFO] health_check: not found -4610702230, removed=True
2026-05-07 13:46:55,019 [INFO] health_check: not found -4612541342, removed=True
2026-05-07 13:46:55,131 [INFO] health_check: not found -4613806480, removed=True
2026-05-07 13:46:55,246 [INFO] health_check: not found -4616728427, removed=True
2026-05-07 13:46:55,356 [INFO] health_check: not found -4617223764, removed=True
2026-05-07 13:46:55,469 [INFO] health_check: not found -4618212247, removed=True
2026-05-07 13:46:55,586 [INFO] health_check: not found -4619140640, removed=True
2026-05-07 13:46:55,706 [INFO] health_check: not found -4624014700, removed=True
2026-05-07 13:46:55,821 [INFO] health_check: not found -4624143365, removed=True
2026-05-07 13:46:55,930 [INFO] health_check: not found -4630046058, removed=True
2026-05-07 13:46:56,046 [INFO] health_check: not found -4632602480, removed=True
2026-05-07 13:46:56,163 [INFO] health_check: not found -4632825521, removed=True
2026-05-07 13:46:56,291 [INFO] health_check: not found -4633559342, removed=True
2026-05-07 13:46:56,406 [INFO] health_check: not found -4642554787, removed=True
2026-05-07 13:46:56,519 [INFO] health_check: not found -4645049410, removed=True
2026-05-07 13:46:56,633 [INFO] health_check: not found -4646578299, removed=True
2026-05-07 13:46:56,753 [INFO] health_check: not found -4647174965, removed=True
2026-05-07 13:46:56,869 [INFO] health_check: not found -4651214819, removed=True
2026-05-07 13:46:56,981 [INFO] health_check: not found -4656177188, removed=True
2026-05-07 13:46:57,124 [INFO] health_check: not found -4661876401, removed=True
2026-05-07 13:46:57,234 [INFO] health_check: not found -4662691733, removed=True
2026-05-07 13:46:57,411 [INFO] health_check: not found -4664694157, removed=True
2026-05-07 13:46:57,773 [INFO] health_check: not found -4666420295, removed=True
2026-05-07 13:46:57,967 [INFO] health_check: not found -4675276242, removed=True
2026-05-07 13:46:58,073 [INFO] health_check: not found -4676883027, removed=True
2026-05-07 13:46:58,187 [INFO] health_check: not found -4678684571, removed=True
2026-05-07 13:46:58,298 [INFO] health_check: not found -4683106043, removed=True
2026-05-07 13:46:58,411 [INFO] health_check: not found -4683810339, removed=True
2026-05-07 13:46:58,529 [INFO] health_check: not found -4688560965, removed=True
2026-05-07 13:46:58,649 [INFO] health_check: not found -4690585791, removed=True
2026-05-07 13:46:58,764 [INFO] health_check: not found -4697168029, removed=True
2026-05-07 13:46:58,878 [INFO] health_check: not found -4698962022, removed=True
2026-05-07 13:46:58,997 [INFO] health_check: not found -4699139464, removed=True
2026-05-07 13:46:59,112 [INFO] health_check: not found -4701483393, removed=True
2026-05-07 13:46:59,228 [INFO] health_check: not found -4705907750, removed=True
2026-05-07 13:46:59,344 [INFO] health_check: not found -4708966437, removed=True
2026-05-07 13:46:59,462 [INFO] health_check: not found -4713189712, removed=True
2026-05-07 13:46:59,574 [INFO] health_check: not found -4713401964, removed=True
2026-05-07 13:46:59,682 [INFO] health_check: not found -4714538007, removed=True
2026-05-07 13:46:59,792 [INFO] health_check: not found -4716056592, removed=True
2026-05-07 13:46:59,906 [INFO] health_check: not found -4718043627, removed=True
2026-05-07 13:47:00,017 [INFO] health_check: not found -4720609242, removed=True
2026-05-07 13:47:00,134 [INFO] health_check: not found -4721614141, removed=True
2026-05-07 13:47:00,245 [INFO] health_check: not found -4722523278, removed=True
2026-05-07 13:47:00,354 [INFO] health_check: not found -4724467873, removed=True
2026-05-07 13:47:00,469 [INFO] health_check: not found -4728469168, removed=True
2026-05-07 13:47:00,585 [INFO] health_check: not found -4729926905, removed=True
2026-05-07 13:47:00,701 [INFO] health_check: not found -4730865190, removed=True
2026-05-07 13:47:00,814 [INFO] health_check: not found -4735694040, removed=True
2026-05-07 13:47:00,930 [INFO] health_check: not found -4739049983, removed=True
2026-05-07 13:47:01,039 [INFO] health_check: not found -4739930159, removed=True
2026-05-07 13:47:01,153 [INFO] health_check: not found -4743912156, removed=True
2026-05-07 13:47:01,262 [INFO] health_check: not found -4746496338, removed=True
2026-05-07 13:47:01,375 [INFO] health_check: not found -4749584087, removed=True
2026-05-07 13:47:01,486 [INFO] health_check: not found -4749956413, removed=True
2026-05-07 13:47:01,601 [INFO] health_check: not found -4750101416, removed=True
2026-05-07 13:47:01,710 [INFO] health_check: not found -4755128344, removed=True
2026-05-07 13:47:01,821 [INFO] health_check: not found -4763463797, removed=True
2026-05-07 13:47:01,958 [INFO] health_check: not found -4772007935, removed=True
2026-05-07 13:47:02,076 [INFO] health_check: not found -4775587963, removed=True
2026-05-07 13:47:02,188 [INFO] health_check: not found -4778015528, removed=True
2026-05-07 13:47:02,297 [INFO] health_check: not found -4781020035, removed=True
2026-05-07 13:47:02,411 [INFO] health_check: not found -4781716302, removed=True
2026-05-07 13:47:02,521 [INFO] health_check: not found -4797032341, removed=True
2026-05-07 13:47:02,631 [INFO] health_check: not found -4799557288, removed=True
2026-05-07 13:47:02,744 [INFO] health_check: not found -4800356233, removed=True
2026-05-07 13:47:02,858 [INFO] health_check: not found -4805942992, removed=True
2026-05-07 13:47:02,975 [INFO] health_check: not found -4816477513, removed=True
2026-05-07 13:47:03,090 [INFO] health_check: not found -4817492985, removed=True
2026-05-07 13:47:03,211 [INFO] health_check: not found -4826529298, removed=True
2026-05-07 13:47:03,321 [INFO] health_check: not found -4827678943, removed=True
2026-05-07 13:47:03,432 [INFO] health_check: not found -4840854766, removed=True
2026-05-07 13:47:03,545 [INFO] health_check: not found -4853577916, removed=True
2026-05-07 13:47:03,657 [INFO] health_check: not found -4854246233, removed=True
2026-05-07 13:47:03,767 [INFO] health_check: not found -4858874003, removed=True
2026-05-07 13:47:03,879 [INFO] health_check: not found -4866487933, removed=True
2026-05-07 13:47:04,002 [INFO] health_check: not found -4867311835, removed=True
2026-05-07 13:47:04,125 [INFO] health_check: not found -4894693617, removed=True
2026-05-07 13:47:04,238 [INFO] health_check: not found -4895433385, removed=True
2026-05-07 13:47:04,356 [INFO] health_check: not found -4904630648, removed=True
2026-05-07 13:47:04,463 [INFO] health_check: not found -4919604056, removed=True
2026-05-07 13:47:04,571 [INFO] health_check: not found -4928422653, removed=True
2026-05-07 13:47:04,683 [INFO] health_check: not found -4933531808, removed=True
2026-05-07 13:47:04,796 [INFO] health_check: not found -4933654775, removed=True
2026-05-07 13:47:04,907 [INFO] health_check: not found -4935084656, removed=True
2026-05-07 13:47:05,023 [INFO] health_check: not found -4946653154, removed=True
2026-05-07 13:47:05,141 [INFO] health_check: not found -4956560684, removed=True
2026-05-07 13:47:05,253 [INFO] health_check: not found -4960401547, removed=True
2026-05-07 13:47:05,367 [INFO] health_check: not found -4968561792, removed=True
2026-05-07 13:47:05,578 [INFO] health_check: not found -4978660834, removed=True
2026-05-07 13:47:05,699 [INFO] health_check: not found -4994340564, removed=True
2026-05-07 13:47:05,812 [INFO] health_check: not found -5001646352, removed=True
2026-05-07 13:47:05,929 [INFO] health_check: not found -5006144780, removed=True
2026-05-07 13:47:06,059 [INFO] health_check: not found -5011385808, removed=True
2026-05-07 13:47:06,187 [INFO] health_check: not found -5017321029, removed=True
2026-05-07 13:47:06,304 [INFO] health_check: not found -5042918156, removed=True
2026-05-07 13:47:06,422 [INFO] health_check: not found -5059252096, removed=True
2026-05-07 13:47:06,532 [INFO] health_check: not found -5063834070, removed=True
2026-05-07 13:47:06,646 [INFO] health_check: not found -5064393983, removed=True
2026-05-07 13:47:06,763 [INFO] health_check: not found -5073924643, removed=True
2026-05-07 13:47:06,878 [INFO] health_check: not found -5077149033, removed=True
2026-05-07 13:47:06,990 [INFO] health_check: not found -5077437076, removed=True
2026-05-07 13:47:07,108 [INFO] health_check: not found -5083718042, removed=True
2026-05-07 13:47:07,237 [INFO] health_check: not found -5084899461, removed=True
2026-05-07 13:47:07,357 [INFO] health_check: not found -5085622421, removed=True
2026-05-07 13:47:07,469 [INFO] health_check: not found -5086488461, removed=True
2026-05-07 13:47:07,580 [INFO] health_check: not found -5092672278, removed=True
2026-05-07 13:47:07,691 [INFO] health_check: not found -5092781023, removed=True
2026-05-07 13:47:07,801 [INFO] health_check: not found -5097671198, removed=True
2026-05-07 13:47:07,913 [INFO] health_check: not found -5122059204, removed=True
2026-05-07 13:47:08,024 [INFO] health_check: not found -5123329466, removed=True
2026-05-07 13:47:08,138 [INFO] health_check: not found -5129954111, removed=True
2026-05-07 13:47:08,253 [INFO] health_check: not found -5131883649, removed=True
2026-05-07 13:47:08,364 [INFO] health_check: not found -5150694116, removed=True
2026-05-07 13:47:08,476 [INFO] health_check: not found -5167975214, removed=True
2026-05-07 13:47:08,587 [INFO] health_check: not found -5174431612, removed=True
2026-05-07 13:47:08,694 [INFO] health_check: not found -5175424111, removed=True
2026-05-07 13:47:08,803 [INFO] health_check: not found -5175515019, removed=True
2026-05-07 13:47:08,921 [INFO] health_check: not found -5176195844, removed=True
2026-05-07 13:47:09,036 [INFO] health_check: not found -5184776688, removed=True
2026-05-07 13:47:09,148 [INFO] health_check: not found -5186689637, removed=True
2026-05-07 13:47:09,270 [INFO] health_check: not found -5211496295, removed=True
2026-05-07 13:47:09,384 [INFO] health_check: not found -5215711838, removed=True
2026-05-07 13:47:09,496 [INFO] health_check: not found -5221878282, removed=True
2026-05-07 13:47:09,607 [INFO] health_check: not found -5234980662, removed=True
2026-05-07 13:47:09,717 [INFO] health_check: not found -5238984257, removed=True
2026-05-07 13:47:09,827 [INFO] health_check: not found -5262992217, removed=True
2026-05-07 13:47:09,941 [INFO] health_check: not found -5267235801, removed=True
2026-05-07 13:47:10,060 [INFO] health_check: not found -5273424113, removed=True
2026-05-07 13:47:10,184 [INFO] health_check: not found -5282554465, removed=True
2026-05-07 13:47:10,295 [INFO] health_check: not found -5296154996, removed=True
2026-05-07 13:47:10,404 [INFO] health_check: not found -833205253, removed=True
2026-05-07 13:47:10,512 [INFO] health_check: not found -866681408, removed=True
2026-05-07 13:47:10,621 [INFO] health_check: not found -901486128, removed=True
2026-05-07 13:47:10,673 [INFO] health_check: 144 chats checked, 142 issues
2026-05-07 13:47:10,762 [ERROR] health_check: failed to notify admin: Telegram server says - Bad Request: chat not found
2026-05-07 13:47:10,836 [ERROR] health_check: failed to notify admin: Telegram server says - Bad Request: chat not found
2026-05-07 13:47:10,915 [ERROR] health_check: failed to notify admin: Telegram server says - Bad Request: chat not found
2026-05-07 13:47:10,915 [INFO] health_check: done, next in 6h
2026-05-07 15:19:34,618 [INFO] Bot session closed
2026-05-07 15:19:37,232 [INFO] Webhook set: https://servantless-postmuscular-sasha.ngrok-free.dev/team-group-bot/
2026-05-07 15:20:37,233 [INFO] health_check: starting background group check
2026-05-07 15:20:37,658 [INFO] health_check: 2 chats checked, 0 issues
2026-05-07 15:20:37,659 [INFO] health_check: done, next in 6h
2026-05-07 15:24:02,089 [INFO] Update id=195071176 is handled. Duration 203 ms by bot id=6976304242
2026-05-07 15:24:06,011 [INFO] Update id=195071177 is handled. Duration 154 ms by bot id=6976304242
2026-05-07 15:24:07,170 [INFO] Update id=195071178 is handled. Duration 150 ms by bot id=6976304242
2026-05-07 15:24:08,517 [INFO] Update id=195071179 is handled. Duration 223 ms by bot id=6976304242
2026-05-07 15:24:10,011 [INFO] Update id=195071180 is handled. Duration 151 ms by bot id=6976304242
2026-05-07 15:24:10,929 [INFO] Update id=195071181 is handled. Duration 144 ms by bot id=6976304242
2026-05-07 15:24:12,523 [INFO] Update id=195071182 is handled. Duration 181 ms by bot id=6976304242
2026-05-07 15:24:16,664 [INFO] Update id=195071183 is handled. Duration 96 ms by bot id=6976304242
2026-05-07 15:24:19,017 [INFO] Update id=195071184 is handled. Duration 227 ms by bot id=6976304242
2026-05-07 15:24:20,072 [INFO] Update id=195071185 is handled. Duration 243 ms by bot id=6976304242
2026-05-07 15:24:21,185 [INFO] Update id=195071186 is handled. Duration 138 ms by bot id=6976304242
2026-05-07 15:24:21,378 [ERROR] spam: send failed (-4150622369): Telegram server says - Bad Request: group chat was upgraded to a supergroup chat
(background on this error at: https://core.telegram.org/bots/api#responseparameters)
2026-05-07 15:24:25,852 [INFO] Update id=195071187 is handled. Duration 258 ms by bot id=6976304242
2026-05-07 15:24:37,256 [INFO] Update id=195071188 is handled. Duration 153 ms by bot id=6976304242
2026-05-07 15:24:38,208 [INFO] Update id=195071189 is handled. Duration 160 ms by bot id=6976304242
2026-05-07 15:24:40,711 [INFO] Update id=195071190 is handled. Duration 175 ms by bot id=6976304242
2026-05-07 15:24:53,146 [INFO] Bot session closed
